*****************************************************************
      SolidWorks Corporation - IGES Processor Status Report
*****************************************************************
=================================================================
General Information
=================================================================
Sending System Product I.D.  : Step-Up Module
Receiving System Product I.D.: 
File Name                    : Step-Up Module
Sending System               : unknown
Preprocessor Version         : unknown
File Creation Date           : 20210509.210913
Model Creation Date          : 
Units                        : MM
Model Space Scale            : 1
Author                       : unknown
Organization                 : unknown


=================================================================
Entity Processing Information
=================================================================


=================================================================
Precision analysis of IGES file:
=================================================================
  Most prevalent number of significant digits:               2
  Highest number of significant digits:                     14
  Average number of significant digits:                5.24739
  Maximum distance to origin:                          45.7609
  Minimum distance to origin:                          1.86353
  Effective number of significant digits:              13.9646


=================================================================
Entity Summary
=================================================================
-----------------------------------------------------------------
Type Name                                         Count Converted
---- ----                                         ----- ---------
126  Rational B-spline curve                        394       394
128  Rational B-spline surface                      151       151
186  Manifold Solid B-rep Object                      1         1
314  Color definition                                 6         6
406  Property                                         1         1
502  Vertex list                                      1         1
504  Edge entity                                      1         1
508  Loop entity                                    166       166
510  Face entity                                    151       151
514  Shell entity                                     1         1
_________________________________________________________________


=================================================================
Result Summary
=================================================================
SolidWorks Feature Type                Count
-----------------------                -----
Solid feature(s)                       1
Surface feature(s)                     0
Curve/Sketch feature(s)                0
--------------------------------------------
Start time: Sunday, May 09, 2021 21:57:39
Finish time: Sunday, May 09, 2021 21:57:42
Processing time: 0 days, 00 hours, 00 mins, 03 secs
